
[oval build] =============================================== [oval build]
instruction: make  Prog3 [oval build] eval `oval runtime -csh TestCppUnit-Oval`
[oval build] ===============================================

c++ -g -O2    Prog3.cpp   -o Prog3


[oval run] =================================================
[oval run] arguments: 
[oval run] USER : mgallas
[oval run] HOST : pcitapi31
[oval run] eval `oval runtime -csh ko`
[oval run] INPUT = ok
[oval run] =================================================

[OVAL] result = 2



